Dell@DESKTOP-FFBMDE1 MINGW64 /d/WAD
$ git clone https://github.com/Devendradeore/test.git
Cloning into 'test'...
remote: Enumerating objects: 3, done.
remote: Counting objects: 100% (3/3), done.
remote: Compressing objects: 100% (2/2), done.
remote: Total 3 (delta 0), reused 0 (delta 0), pack-reused 0
Receiving objects: 100% (3/3), done.

Dell@DESKTOP-FFBMDE1 MINGW64 /d/WAD
$ git status
fatal: not a git repository (or any of the parent directories): .git

Dell@DESKTOP-FFBMDE1 MINGW64 /d/WAD
$ cd test

Dell@DESKTOP-FFBMDE1 MINGW64 /d/WAD/test (main)
$ git status
On branch main
Your branch is up to date with 'origin/main'.

Changes not staged for commit:
  (use "git add <file>..." to update what will be committed)
  (use "git restore <file>..." to discard changes in working directory)
        modified:   test1.txt

Untracked files:
  (use "git add <file>..." to include in what will be committed)
        test2.txt

no changes added to commit (use "git add" and/or "git commit -a")

Dell@DESKTOP-FFBMDE1 MINGW64 /d/WAD/test (main)
$ git add .

Dell@DESKTOP-FFBMDE1 MINGW64 /d/WAD/test (main)
$ git status
On branch main
Your branch is up to date with 'origin/main'.

Changes to be committed:
  (use "git restore --staged <file>..." to unstage)
        modified:   test1.txt
        new file:   test2.txt


Dell@DESKTOP-FFBMDE1 MINGW64 /d/WAD/test (main)
$ git commit escape:'
> ^C

Dell@DESKTOP-FFBMDE1 MINGW64 /d/WAD/test (main)
$ git commit -m " i have modified test1 file and created a new file as test2"
[main d9d466a]  i have modified test1 file and created a new file as test2
 2 files changed, 2 insertions(+), 1 deletion(-)
 create mode 100644 test2.txt

Dell@DESKTOP-FFBMDE1 MINGW64 /d/WAD/test (main)
$ git status
On branch main
Your branch is ahead of 'origin/main' by 1 commit.
  (use "git push" to publish your local commits)

nothing to commit, working tree clean

Dell@DESKTOP-FFBMDE1 MINGW64 /d/WAD/test (main)
$ git remote set-url origin https://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@github.com/Devendradeore/test.git

Dell@DESKTOP-FFBMDE1 MINGW64 /d/WAD/test (main)
$ git push origin
Enumerating objects: 6, done.
Counting objects: 100% (6/6), done.
Delta compression using up to 8 threads
Compressing objects: 100% (3/3), done.
Writing objects: 100% (4/4), 367 bytes | 367.00 KiB/s, done.
Total 4 (delta 1), reused 0 (delta 0), pack-reused 0
remote: Resolving deltas: 100% (1/1), completed with 1 local object.
To https://github.com/Devendradeore/test.git
   5579925..d9d466a  main -> main

Dell@DESKTOP-FFBMDE1 MINGW64 /d/WAD/test (main)
$ git add .

Dell@DESKTOP-FFBMDE1 MINGW64 /d/WAD/test (main)
$ git remote set-url origin https://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@github.com/Devendradeore/test.git

Dell@DESKTOP-FFBMDE1 MINGW64 /d/WAD/test (main)
$ git pull origin
remote: Enumerating objects: 4, done.
remote: Counting objects: 100% (4/4), done.
remote: Compressing objects: 100% (2/2), done.
remote: Total 3 (delta 0), reused 0 (delta 0), pack-reused 0
Unpacking objects: 100% (3/3), 696 bytes | 9.00 KiB/s, done.
From https://github.com/Devendradeore/test
   d9d466a..9d03e44  main       -> origin/main
Updating d9d466a..9d03e44
Fast-forward
 test3.txt | 1 +
 1 file changed, 1 insertion(+)
 create mode 100644 test3.txt
